[2025/12/04 20:01:04]: §9          __             _       
[2025/12/04 20:01:04]: §9  _ __   / /  ___   __ _(_)_ __  
[2025/12/04 20:01:04]: §9 | '_ \ / /  / _ \ / _` | | '_ \ 
[2025/12/04 20:01:04]: §9 | | | / /__| (_) | (_| | | | | |
[2025/12/04 20:01:04]: §9 |_| |_\____/\___/ \__, |_|_| |_|
[2025/12/04 20:01:04]: §9                  |___/            
[2025/12/04 20:01:04]: §9 By: www.nickuc.com - V 10.4.23 DEVELOPMENT
[2025/12/04 20:01:04]: §9 
[2025/12/04 20:01:05]: §3[nLogin] [DEBUG] All settings were loaded in 189 ms.
[2025/12/04 20:01:05]: §3[nLogin] [DEBUG] Loading the messages_es.yml message file...
[2025/12/04 20:01:05]: §3[nLogin] [DEBUG] All plugin messages were loaded in 76 ms (languageByClient=false).
[2025/12/04 20:01:05]: §3[nLogin] [DEBUG] All proxy settings were loaded in 2 ms.
[2025/12/04 20:01:05]: §3[nLogin] [DEBUG] Loading database...
[2025/12/04 20:01:05]: §3[nLogin] [DEBUG] Starting logger filter...
[2025/12/04 20:02:51]: §3[nLogin] [DEBUG] [SQLite] [UPDATE]: "UPDATE `nlogin` SET `last_name` = 'Nico01310', `unique_id` = 963a06f9eeec363ca3007bc90771feef,  `mojang_id` = null,  `bedrock_id` = null,  `password` = '$2a$10$GQnkc5nLFXdZIMqU.ilSEe/GoThIrlleCAi.44Qfn.LeV3pGTndfa', `last_ip` = '127.46.99.27', `creation_date` = 2025-12-02 21:01:38.863, `last_seen` = 2025-12-04 20:02:51.868, `email` = null, `discord` = null, `settings` = '{"settings":[{"value":"es","key":"language"}],"version":0}' WHERE `ai` = 1" (applied to [last_ip, last_seen, settings] columns)
[2025/12/04 20:02:51]: [nLogin] The user Nico01310 has successfully logged in.
[2025/12/04 20:28:43]: §3[nLogin] [DEBUG] The luciana01316 (127.46.99.27) player entered an incorrect password
[2025/12/04 20:29:02]: §3[nLogin] [DEBUG] [SQLite] [UPDATE]: "UPDATE `nlogin` SET `last_name` = 'luciana01316', `unique_id` = f2a5f8fd119436d4aad81c7ac53531d2,  `mojang_id` = null,  `bedrock_id` = null,  `password` = '$2a$10$Hj9DcwqEqmbYLNMgR5TXMutIqBGco/974POVDIKPoqx1W5jk75hJq', `last_ip` = '127.46.99.27', `creation_date` = 2025-12-02 21:13:40.372, `last_seen` = 2025-12-04 20:29:02.464, `email` = null, `discord` = null, `settings` = '{"settings":[{"value":"es","key":"language"}],"version":0}' WHERE `ai` = 2" (applied to [last_ip, last_seen, settings] columns)
[2025/12/04 20:29:02]: [nLogin] The user luciana01316 has successfully logged in.
[2025/12/04 20:29:15]: [nLogin] Successful plugin core shutdown (took 0.00s)
