[2025/12/02 20:59:51]: §9          __             _       
[2025/12/02 20:59:51]: §9  _ __   / /  ___   __ _(_)_ __  
[2025/12/02 20:59:51]: §9 | '_ \ / /  / _ \ / _` | | '_ \ 
[2025/12/02 20:59:51]: §9 | | | / /__| (_) | (_| | | | | |
[2025/12/02 20:59:51]: §9 |_| |_\____/\___/ \__, |_|_| |_|
[2025/12/02 20:59:51]: §9                  |___/            
[2025/12/02 20:59:51]: §9 By: www.nickuc.com - V 10.4.23 DEVELOPMENT
[2025/12/02 20:59:51]: §9 
[2025/12/02 20:59:51]: §3[nLogin] [DEBUG] The config.yml file was created successfully.
[2025/12/02 20:59:54]: §3[nLogin] [DEBUG] All settings were loaded in 2377 ms.
[2025/12/02 20:59:54]: §3[nLogin] [DEBUG] Loading the messages_es.yml message file...
[2025/12/02 20:59:54]: §3[nLogin] [DEBUG] All plugin messages were loaded in 69 ms (languageByClient=false).
[2025/12/02 20:59:54]: §3[nLogin] [DEBUG] All proxy settings were loaded in 1 ms.
[2025/12/02 20:59:54]: §3[nLogin] [DEBUG] Loading database...
[2025/12/02 20:59:54]: [nLogin] Generating RSA keypair... (this may take a while)
[2025/12/02 20:59:56]: [nLogin] The RSA key pair was successfully generated. Took 2.02s
[2025/12/02 20:59:56]: §3[nLogin] [DEBUG] Starting logger filter...
[2025/12/02 21:00:09]: 
[2025/12/02 21:00:09]:  §bThank you so much for choosing nLogin! §4<3
[2025/12/02 21:00:09]: 
[2025/12/02 21:00:09]:  §4For your safety, please read the message below:
[2025/12/02 21:00:09]:   §cNever download nLogin from unknown sources.
[2025/12/02 21:00:09]:   §cA modified version may contain malicious software.
[2025/12/02 21:00:09]: 
[2025/12/02 21:00:09]:  §3Trusted sources:
[2025/12/02 21:00:09]:   §bwww.nickuc.com
[2025/12/02 21:00:09]:   §bwww.github.com/nickuc
[2025/12/02 21:00:09]:   §bOpeNLogin installer (from Spigot or GitHub)
[2025/12/02 21:00:09]: 
[2025/12/02 21:00:09]:  §3Official support channels:
[2025/12/02 21:00:09]:   §bDiscord group: §fwww.nickuc.com/discord
[2025/12/02 21:00:09]:   §bDocumentation: §fdocs.nickuc.com/nlogin/
[2025/12/02 21:00:09]:   §bEmail: §fsupport@nickuc.com
[2025/12/02 21:00:09]:   §bYouTube: §fyoutube.com/nickuc
[2025/12/02 21:00:09]: 
[2025/12/02 21:00:09]:  §eTo remove this warning, log in with "nlogin.admin" permission on the server
[2025/12/02 21:00:09]:  §eand click the "Setup plugin" button to configure your plugin.
[2025/12/02 21:00:09]: 
[2025/12/02 21:01:39]: §3[nLogin] [DEBUG] [SQLite] [UPDATE]: "INSERT INTO `nlogin` (`last_name`, `unique_id`, `mojang_id`, `bedrock_id`, `password`, `last_ip`, `creation_date`, `last_seen`, `email`, `discord`, `settings`) VALUES ('Nico01310', 963a06f9eeec363ca3007bc90771feef, null, null, '$2a$10$GQnkc5nLFXdZIMqU.ilSEe/GoThIrlleCAi.44Qfn.LeV3pGTndfa', '127.46.99.27', '2025-12-02 21:01:38.863', '2025-12-02 21:01:38.863', null, null, '{"settings":[{"value":true,"key":"force-invalid-session"}],"version":0}')" (applied to all columns)
[2025/12/02 21:01:39]: [nLogin] The user Nico01310 has successfully registered.
[2025/12/02 21:02:04]: §3[nLogin] [DEBUG] [SQLite] [UPDATE]: "UPDATE `nlogin` SET `last_name` = 'Nico01310', `unique_id` = 963a06f9eeec363ca3007bc90771feef,  `mojang_id` = null,  `bedrock_id` = null,  `password` = '$2a$10$GQnkc5nLFXdZIMqU.ilSEe/GoThIrlleCAi.44Qfn.LeV3pGTndfa', `last_ip` = '127.46.99.27', `creation_date` = 2025-12-02 21:01:38.863, `last_seen` = 2025-12-02 21:02:04.885, `email` = null, `discord` = null, `settings` = '{"settings":[{"value":true,"key":"force-invalid-session"},{"value":"es","key":"language"}],"version":0}' WHERE `ai` = 1" (applied to [last_seen, settings] columns)
[2025/12/02 21:02:14]: §3[nLogin] [DEBUG] [SQLite] [UPDATE]: "UPDATE `nlogin` SET `last_name` = 'Nico01310', `unique_id` = 963a06f9eeec363ca3007bc90771feef,  `mojang_id` = null,  `bedrock_id` = null,  `password` = '$2a$10$GQnkc5nLFXdZIMqU.ilSEe/GoThIrlleCAi.44Qfn.LeV3pGTndfa', `last_ip` = '127.46.99.27', `creation_date` = 2025-12-02 21:01:38.863, `last_seen` = 2025-12-02 21:02:14.655, `email` = null, `discord` = null, `settings` = '{"settings":[{"value":"es","key":"language"}],"version":0}' WHERE `ai` = 1" (applied to [last_ip, last_seen, settings] columns)
[2025/12/02 21:02:14]: [nLogin] The user Nico01310 has successfully logged in.
[2025/12/02 21:05:49]: [nLogin] Successful plugin core shutdown (took 0.00s)
