[2025/12/04 20:51:09]: §9          __             _       
[2025/12/04 20:51:09]: §9  _ __   / /  ___   __ _(_)_ __  
[2025/12/04 20:51:09]: §9 | '_ \ / /  / _ \ / _` | | '_ \ 
[2025/12/04 20:51:09]: §9 | | | / /__| (_) | (_| | | | | |
[2025/12/04 20:51:09]: §9 |_| |_\____/\___/ \__, |_|_| |_|
[2025/12/04 20:51:09]: §9                  |___/            
[2025/12/04 20:51:09]: §9 By: www.nickuc.com - V 10.4.23 DEVELOPMENT
[2025/12/04 20:51:09]: §9 
[2025/12/04 20:51:09]: §3[nLogin] [DEBUG] All settings were loaded in 152 ms.
[2025/12/04 20:51:09]: §3[nLogin] [DEBUG] Loading the messages_es.yml message file...
[2025/12/04 20:51:09]: §3[nLogin] [DEBUG] All plugin messages were loaded in 63 ms (languageByClient=false).
[2025/12/04 20:51:09]: §3[nLogin] [DEBUG] All proxy settings were loaded in 2 ms.
[2025/12/04 20:51:09]: §3[nLogin] [DEBUG] Loading database...
[2025/12/04 20:51:10]: §3[nLogin] [DEBUG] Starting logger filter...
[2025/12/04 20:52:31]: §3[nLogin] [DEBUG] [SQLite] [UPDATE]: "UPDATE `nlogin` SET `last_name` = 'Nico01310', `unique_id` = 963a06f9eeec363ca3007bc90771feef,  `mojang_id` = null,  `bedrock_id` = null,  `password` = '$2a$10$GQnkc5nLFXdZIMqU.ilSEe/GoThIrlleCAi.44Qfn.LeV3pGTndfa', `last_ip` = '127.46.99.27', `creation_date` = 2025-12-02 21:01:38.863, `last_seen` = 2025-12-04 20:52:31.872, `email` = null, `discord` = null, `settings` = '{"settings":[{"value":"es","key":"language"}],"version":0}' WHERE `ai` = 1" (applied to [last_ip, last_seen, settings] columns)
[2025/12/04 20:52:32]: [nLogin] The user Nico01310 has successfully logged in.
[2025/12/04 21:03:27]: §3[nLogin] [DEBUG] [SQLite] [UPDATE]: "UPDATE `nlogin` SET `last_name` = 'luciana01316', `unique_id` = f2a5f8fd119436d4aad81c7ac53531d2,  `mojang_id` = null,  `bedrock_id` = null,  `password` = '$2a$10$Hj9DcwqEqmbYLNMgR5TXMutIqBGco/974POVDIKPoqx1W5jk75hJq', `last_ip` = '127.46.99.27', `creation_date` = 2025-12-02 21:13:40.372, `last_seen` = 2025-12-04 21:03:27.985, `email` = null, `discord` = null, `settings` = '{"settings":[{"value":"es","key":"language"}],"version":0}' WHERE `ai` = 2" (applied to [last_ip, last_seen, settings] columns)
[2025/12/04 21:03:28]: [nLogin] The user luciana01316 has successfully logged in.
[2025/12/04 21:09:32]: §3[nLogin] [DEBUG] [SQLite] [UPDATE]: "UPDATE `nlogin` SET `last_name` = 'theallblack', `unique_id` = cc833555da7d3f1589f63ca1c017ae4c,  `mojang_id` = null,  `bedrock_id` = null,  `password` = '$2a$10$W5y.0shk4t5.KTpQnF23xuA7IZuxpPCv/VEyypeZr7ISOZdcfUjIW', `last_ip` = '127.254.67.165', `creation_date` = 2025-12-04 19:05:45.473, `last_seen` = 2025-12-04 21:09:32.179, `email` = null, `discord` = null, `settings` = '{"settings":[{"value":"es","key":"language"}],"version":0}' WHERE `ai` = 6" (applied to [last_ip, last_seen, settings] columns)
[2025/12/04 21:09:32]: [nLogin] The user theallblack has successfully logged in.
[2025/12/04 21:45:00]: [nLogin] Successful plugin core shutdown (took 0.00s)
