[2025/12/03 21:10:13]: §9          __             _       
[2025/12/03 21:10:13]: §9  _ __   / /  ___   __ _(_)_ __  
[2025/12/03 21:10:13]: §9 | '_ \ / /  / _ \ / _` | | '_ \ 
[2025/12/03 21:10:13]: §9 | | | / /__| (_) | (_| | | | | |
[2025/12/03 21:10:13]: §9 |_| |_\____/\___/ \__, |_|_| |_|
[2025/12/03 21:10:13]: §9                  |___/            
[2025/12/03 21:10:13]: §9 By: www.nickuc.com - V 10.4.23 DEVELOPMENT
[2025/12/03 21:10:13]: §9 
[2025/12/03 21:10:13]: §3[nLogin] [DEBUG] All settings were loaded in 130 ms.
[2025/12/03 21:10:13]: §3[nLogin] [DEBUG] Loading the messages_es.yml message file...
[2025/12/03 21:10:13]: §3[nLogin] [DEBUG] All plugin messages were loaded in 67 ms (languageByClient=false).
[2025/12/03 21:10:13]: §3[nLogin] [DEBUG] All proxy settings were loaded in 2 ms.
[2025/12/03 21:10:13]: §3[nLogin] [DEBUG] Loading database...
[2025/12/03 21:10:14]: §3[nLogin] [DEBUG] Starting logger filter...
[2025/12/03 21:11:58]: §3[nLogin] [DEBUG] [SQLite] [UPDATE]: "UPDATE `nlogin` SET `last_name` = 'Nico01310', `unique_id` = 963a06f9eeec363ca3007bc90771feef,  `mojang_id` = null,  `bedrock_id` = null,  `password` = '$2a$10$GQnkc5nLFXdZIMqU.ilSEe/GoThIrlleCAi.44Qfn.LeV3pGTndfa', `last_ip` = '127.46.99.27', `creation_date` = 2025-12-02 21:01:38.863, `last_seen` = 2025-12-03 21:11:58.924, `email` = null, `discord` = null, `settings` = '{"settings":[{"value":"es","key":"language"}],"version":0}' WHERE `ai` = 1" (applied to [last_ip, last_seen, settings] columns)
[2025/12/03 21:11:58]: [nLogin] The user Nico01310 has successfully logged in.
[2025/12/03 21:12:08]: §3[nLogin] [DEBUG] [SQLite] [UPDATE]: "UPDATE `nlogin` SET `last_name` = 'luciana01316', `unique_id` = f2a5f8fd119436d4aad81c7ac53531d2,  `mojang_id` = null,  `bedrock_id` = null,  `password` = '$2a$10$Hj9DcwqEqmbYLNMgR5TXMutIqBGco/974POVDIKPoqx1W5jk75hJq', `last_ip` = '127.46.99.27', `creation_date` = 2025-12-02 21:13:40.372, `last_seen` = 2025-12-03 21:12:08.303, `email` = null, `discord` = null, `settings` = '{"settings":[{"value":"es","key":"language"}],"version":0}' WHERE `ai` = 2" (applied to [last_ip, last_seen, settings] columns)
[2025/12/03 21:12:08]: [nLogin] The user luciana01316 has successfully logged in.
[2025/12/03 21:12:16]: §3[nLogin] [DEBUG] [SQLite] [UPDATE]: "UPDATE `nlogin` SET `last_name` = 'luciana01316', `unique_id` = f2a5f8fd119436d4aad81c7ac53531d2,  `mojang_id` = null,  `bedrock_id` = null,  `password` = '$2a$10$Hj9DcwqEqmbYLNMgR5TXMutIqBGco/974POVDIKPoqx1W5jk75hJq', `last_ip` = '127.46.99.27', `creation_date` = 2025-12-02 21:13:40.372, `last_seen` = 2025-12-03 21:12:16.178, `email` = null, `discord` = null, `settings` = '{"settings":[{"value":"es","key":"language"}],"version":0}' WHERE `ai` = 2" (applied to [last_seen, settings] columns)
[2025/12/03 21:12:55]: §3[nLogin] [DEBUG] [SQLite] [UPDATE]: "UPDATE `nlogin` SET `last_name` = 'luciana01316', `unique_id` = f2a5f8fd119436d4aad81c7ac53531d2,  `mojang_id` = null,  `bedrock_id` = null,  `password` = '$2a$10$Hj9DcwqEqmbYLNMgR5TXMutIqBGco/974POVDIKPoqx1W5jk75hJq', `last_ip` = '127.46.99.27', `creation_date` = 2025-12-02 21:13:40.372, `last_seen` = 2025-12-03 21:12:55.301, `email` = null, `discord` = null, `settings` = '{"settings":[{"value":"es","key":"language"}],"version":0}' WHERE `ai` = 2" (applied to [last_ip, last_seen, settings] columns)
[2025/12/03 21:12:55]: [nLogin] The user luciana01316 has successfully logged in.
[2025/12/03 23:05:08]: [nLogin] Successful plugin core shutdown (took 0.00s)
