[2025/12/04 02:29:21]: §9          __             _       
[2025/12/04 02:29:21]: §9  _ __   / /  ___   __ _(_)_ __  
[2025/12/04 02:29:21]: §9 | '_ \ / /  / _ \ / _` | | '_ \ 
[2025/12/04 02:29:21]: §9 | | | / /__| (_) | (_| | | | | |
[2025/12/04 02:29:21]: §9 |_| |_\____/\___/ \__, |_|_| |_|
[2025/12/04 02:29:21]: §9                  |___/            
[2025/12/04 02:29:21]: §9 By: www.nickuc.com - V 10.4.23 DEVELOPMENT
[2025/12/04 02:29:21]: §9 
[2025/12/04 02:29:21]: §3[nLogin] [DEBUG] All settings were loaded in 129 ms.
[2025/12/04 02:29:21]: §3[nLogin] [DEBUG] Loading the messages_es.yml message file...
[2025/12/04 02:29:21]: §3[nLogin] [DEBUG] All plugin messages were loaded in 80 ms (languageByClient=false).
[2025/12/04 02:29:21]: §3[nLogin] [DEBUG] All proxy settings were loaded in 4 ms.
[2025/12/04 02:29:21]: §3[nLogin] [DEBUG] Loading database...
[2025/12/04 02:29:22]: §3[nLogin] [DEBUG] Starting logger filter...
[2025/12/04 02:29:53]: §3[nLogin] [DEBUG] Quiely ignoring the ProtocolLib exception (The method getUniqueId is not supported for temporary players.)
[2025/12/04 02:30:32]: §3[nLogin] [DEBUG] [SQLite] [UPDATE]: "UPDATE `nlogin` SET `last_name` = 'Nico01310', `unique_id` = 963a06f9eeec363ca3007bc90771feef,  `mojang_id` = null,  `bedrock_id` = null,  `password` = '$2a$10$GQnkc5nLFXdZIMqU.ilSEe/GoThIrlleCAi.44Qfn.LeV3pGTndfa', `last_ip` = '127.46.99.27', `creation_date` = 2025-12-02 21:01:38.863, `last_seen` = 2025-12-04 02:30:32.571, `email` = null, `discord` = null, `settings` = '{"settings":[{"value":"es","key":"language"}],"version":0}' WHERE `ai` = 1" (applied to [last_ip, last_seen, settings] columns)
[2025/12/04 02:30:32]: [nLogin] The user Nico01310 has successfully logged in.
[2025/12/04 02:30:49]: §3[nLogin] [DEBUG] [SQLite] [UPDATE]: "UPDATE `nlogin` SET `last_name` = 'luciana01316', `unique_id` = f2a5f8fd119436d4aad81c7ac53531d2,  `mojang_id` = null,  `bedrock_id` = null,  `password` = '$2a$10$Hj9DcwqEqmbYLNMgR5TXMutIqBGco/974POVDIKPoqx1W5jk75hJq', `last_ip` = '127.46.99.27', `creation_date` = 2025-12-02 21:13:40.372, `last_seen` = 2025-12-04 02:30:49.641, `email` = null, `discord` = null, `settings` = '{"settings":[{"value":"es","key":"language"}],"version":0}' WHERE `ai` = 2" (applied to [last_ip, last_seen, settings] columns)
[2025/12/04 02:30:49]: [nLogin] The user luciana01316 has successfully logged in.
[2025/12/04 02:33:53]: §3[nLogin] [DEBUG] [SQLite] [UPDATE]: "UPDATE `nlogin` SET `last_name` = 'luciana01316', `unique_id` = f2a5f8fd119436d4aad81c7ac53531d2,  `mojang_id` = null,  `bedrock_id` = null,  `password` = '$2a$10$Hj9DcwqEqmbYLNMgR5TXMutIqBGco/974POVDIKPoqx1W5jk75hJq', `last_ip` = '127.46.99.27', `creation_date` = 2025-12-02 21:13:40.372, `last_seen` = 2025-12-04 02:33:53.502, `email` = null, `discord` = null, `settings` = '{"settings":[{"value":"es","key":"language"}],"version":0}' WHERE `ai` = 2" (applied to [last_seen, settings] columns)
[2025/12/04 02:34:17]: §3[nLogin] [DEBUG] [SQLite] [UPDATE]: "UPDATE `nlogin` SET `last_name` = 'luciana01316', `unique_id` = f2a5f8fd119436d4aad81c7ac53531d2,  `mojang_id` = null,  `bedrock_id` = null,  `password` = '$2a$10$Hj9DcwqEqmbYLNMgR5TXMutIqBGco/974POVDIKPoqx1W5jk75hJq', `last_ip` = '127.46.99.27', `creation_date` = 2025-12-02 21:13:40.372, `last_seen` = 2025-12-04 02:34:17.853, `email` = null, `discord` = null, `settings` = '{"settings":[{"value":"es","key":"language"}],"version":0}' WHERE `ai` = 2" (applied to [last_ip, last_seen, settings] columns)
[2025/12/04 02:34:17]: [nLogin] The user luciana01316 has successfully logged in.
[2025/12/04 02:39:12]: [nLogin] Successful plugin core shutdown (took 0.00s)
